16:52:49 **** Build of configuration Debug for project ZC706-Vitis ****
make all 
make --no-print-directory pre-build
a9-linaro-pre-build-step
 
make --no-print-directory main-build
Building file: ../src/helloworld.c
Invoking: ARM v7 gcc compiler
arm-none-eabi-gcc -Wall -O0 -g3 -c -fmessage-length=0 -MT"src/helloworld.o" -mcpu=cortex-a9 -mfpu=vfpv3 -mfloat-abi=hard -I/home/murano/ZC706-Vitis-Workspace/XDMA_PS_DDR_wrapper/export/XDMA_PS_DDR_wrapper/sw/XDMA_PS_DDR_wrapper/standalone_ps7_cortexa9_0/bspinclude/include -MMD -MP -MF"src/helloworld.d" -MT"src/helloworld.o" -o "src/helloworld.o" "../src/helloworld.c"
Finished building: ../src/helloworld.c
 
Building file: ../src/platform.c
Invoking: ARM v7 gcc compiler
arm-none-eabi-gcc -Wall -O0 -g3 -c -fmessage-length=0 -MT"src/platform.o" -mcpu=cortex-a9 -mfpu=vfpv3 -mfloat-abi=hard -I/home/murano/ZC706-Vitis-Workspace/XDMA_PS_DDR_wrapper/export/XDMA_PS_DDR_wrapper/sw/XDMA_PS_DDR_wrapper/standalone_ps7_cortexa9_0/bspinclude/include -MMD -MP -MF"src/platform.d" -MT"src/platform.o" -o "src/platform.o" "../src/platform.c"
Finished building: ../src/platform.c
 
Building target: ZC706-Vitis.elf
Invoking: ARM v7 gcc linker
arm-none-eabi-gcc -mcpu=cortex-a9 -mfpu=vfpv3 -mfloat-abi=hard -Wl,-build-id=none -specs=Xilinx.spec -Wl,-T -Wl,../src/lscript.ld -L/home/murano/ZC706-Vitis-Workspace/XDMA_PS_DDR_wrapper/export/XDMA_PS_DDR_wrapper/sw/XDMA_PS_DDR_wrapper/standalone_ps7_cortexa9_0/bsplib/lib -o "ZC706-Vitis.elf"  ./src/helloworld.o ./src/platform.o   -Wl,--start-group,-lxil,-lgcc,-lc,--end-group
Finished building target: ZC706-Vitis.elf
 
Invoking: ARM v7 Print Size
arm-none-eabi-size ZC706-Vitis.elf  |tee "ZC706-Vitis.elf.size"
   text	   data	    bss	    dec	    hex	filename
  19104	   1144	  22568	  42816	   a740	ZC706-Vitis.elf
Finished building: ZC706-Vitis.elf.size
 

16:52:49 Build Finished (took 414ms)

